##################### SPATIAL-M3 : tighten B-3 tolerance 1e-3 -> 1e-9 in the TEST #####################
292:    assert r["bounds_m"][0] == pytest.approx(B3_BBOX[0], abs=1e-9)  # crux-M3
293:    assert r["bounds_m"][1] == pytest.approx(B3_BBOX[1], abs=1e-9)  # crux-M3
============================== warnings summary ===============================
<frozen importlib._bootstrap>:488

-- Docs: https://docs.pytest.org/en/stable/how-to/capture-warnings.html
=============== needs_houdini deselected (NOT silently dropped) ===============
NEEDS_HOUDINI  tests/test_spatial_lane.py  [13 test(s)]  -- needs a Houdini runtime: this module requires `pxr` (OpenUSD -- not installed on stock CI runners)
13 test(s) in 1 module(s) deselected by -m 'not needs_houdini'. Run the full suite under hython (pytest tests/, no -m filter) to execute them.
1 passed, 13 deselected, 1 warning in 0.49s
-- RESTORE --
  [empty == clean]

##################### SPATIAL-M4 : describe drift +0.01 on the max bound #####################
226:    bounds_m = [[float(mn[i]) for i in range(3)],  # crux-M4
227:                [float(mx[i]) + 0.01 for i in range(3)]]  # crux-M4
<frozen importlib._bootstrap>:488

-- Docs: https://docs.pytest.org/en/stable/how-to/capture-warnings.html
=============== needs_houdini deselected (NOT silently dropped) ===============
NEEDS_HOUDINI  tests/test_spatial_lane.py  [11 test(s)]  -- needs a Houdini runtime: this module requires `pxr` (OpenUSD -- not installed on stock CI runners)
11 test(s) in 1 module(s) deselected by -m 'not needs_houdini'. Run the full suite under hython (pytest tests/, no -m filter) to execute them.
=========================== short test summary info ===========================
FAILED tests/test_spatial_lane.py::test_describe_synthetic_box_bounds - asser...
FAILED tests/test_spatial_lane.py::test_describe_component_usdc_matches_B3_bbox
2 failed, 1 passed, 11 deselected, 1 warning in 0.66s
-- RESTORE --
  [empty == clean]

##################### SPATIAL-M5 : 6-second stall inside _collect_triangles (timing-blindness probe) #####################
hypothesis: the tool 'seconds' field starts AFTER _collect_triangles, so a 6s regression
in the gather leaves 'seconds' < 5 and the <5s acceptance assertions stay GREEN.
122:    import time as _t; _t.sleep(6.0)  # crux-M5
-- pytest: every test that asserts seconds < TIMING_BUDGET_S on the collider --
........                                                                 [100%]
============================== warnings summary ===============================
<frozen importlib._bootstrap>:488

-- Docs: https://docs.pytest.org/en/stable/how-to/capture-warnings.html
=============== needs_houdini deselected (NOT silently dropped) ===============
NEEDS_HOUDINI  tests/test_spatial_lane.py  [6 test(s)]  -- needs a Houdini runtime: this module requires `pxr` (OpenUSD -- not installed on stock CI runners)
6 test(s) in 1 module(s) deselected by -m 'not needs_houdini'. Run the full suite under hython (pytest tests/, no -m filter) to execute them.
============================== slowest durations ==============================
13.06s call     tests/test_spatial_lane.py::test_frustum_collider_reproduces_S3
12.00s call     tests/test_spatial_lane.py::test_frustum_synthetic_all_in_and_none_behind
7.01s call     tests/test_spatial_lane.py::test_classify_collider_lane_coverage_and_walls
6.06s call     tests/test_spatial_lane.py::test_classify_collider_matches_S2_anchor[20]
6.05s call     tests/test_spatial_lane.py::test_classify_collider_matches_S2_anchor[45]
6.04s call     tests/test_spatial_lane.py::test_classify_collider_matches_S2_anchor[35]
6.04s call     tests/test_spatial_lane.py::test_classify_synthetic_box_structure
0.09s call     tests/test_spatial_lane.py::test_describe_synthetic_box_bounds
0.07s setup    tests/test_spatial_lane.py::test_classify_collider_matches_S2_anchor[20]

(15 durations < 0.005s hidden.  Use -vv to show these durations.)
8 passed, 6 deselected, 1 warning in 56.79s
-- RESTORE --
  [empty == clean]

-- FINAL re-green (full file) --
<frozen importlib._bootstrap>:488

-- Docs: https://docs.pytest.org/en/stable/how-to/capture-warnings.html
14 passed, 1 warning in 3.09s
-- FINAL tracked status --
  [empty == clean]
-- untracked (crux helpers only) --
?? crux_capture.py
